// Jest Snapshot v1, https://goo.gl/fbAQLP

exports[`DataTable.TableToolbarContent should render 1`] = `
<TableToolbarContent
  className="custom-class"
>
  <div
    className="cds--toolbar-content custom-class"
  />
</TableToolbarContent>
`;

exports[`TableToolbarContent renders as expected - Component API should render 1`] = `
<div>
  <div
    class="cds--toolbar-content"
  />
</div>
`;
